// Jest Snapshot v1, https://goo.gl/fbAQLP

exports[`<StepTracker /> renders 1`] = `
<div>
  <div
    class="TDS_Box-modules__verticalPadding-2___1Uh2T container"
  >
    <div
      aria-current="false"
      aria-label="Login"
      class="stepActive"
    >
      <span
        class="icon"
      >
        <i
          aria-hidden="true"
          class="TDS_Icon-modules__iconCheckmark___3cAol TDS_Icon-modules__icon___13xYd TDS_Icon-modules__inverted___2mdlT TDS_Icon-modules__size16___1pm12"
        />
      </span>
      <span
        class="label"
      >
        <span
          class="TDS_Typography-modules__base___3JQ2A TDS_Typography-modules__wordBreak___11Xyp TDS_Typography-modules__baseFont___-Br-_ TDS_Typography-modules__color___22Swj"
        >
          1. Login
        </span>
      </span>
    </div>
    <div
      aria-current="true"
      aria-label="Purchase"
      class="stepActive"
    >
      <span
        class="icon"
      >
        <br />
      </span>
      <span
        class="label"
      >
        <span
          class="TDS_Typography-modules__base___3JQ2A TDS_Typography-modules__wordBreak___11Xyp TDS_Typography-modules__boldFont___30Cjc TDS_Typography-modules__wordBreak___11Xyp TDS_Typography-modules__color___22Swj"
        >
          2. Purchase
        </span>
      </span>
    </div>
    <div
      aria-current="false"
      aria-label="Checkout"
      class="step"
    >
      <span
        class="icon"
      >
        <br />
      </span>
      <span
        class="label"
      >
        <span
          class="TDS_Typography-modules__base___3JQ2A TDS_Typography-modules__wordBreak___11Xyp TDS_Typography-modules__baseFont___-Br-_ TDS_Typography-modules__color___22Swj"
        >
          3. Checkout
        </span>
      </span>
    </div>
  </div>
  <div
    class="mobileLabel"
  >
    <span
      class="TDS_Typography-modules__base___3JQ2A TDS_Typography-modules__wordBreak___11Xyp TDS_Typography-modules__baseFont___-Br-_ TDS_Typography-modules__color___22Swj"
    >
      Step 2 of 3: Purchase
    </span>
  </div>
</div>
`;
